2025-08-10 12:38:09,448 - UltraRobustCallback - INFO - ✅ Environnement d'évaluation créé
2025-08-10 12:39:52,447 - UltraRobustCallback - INFO - Step 10000: distance=0.706, contacts=0, cube_vel=0.002
2025-08-10 12:41:19,216 - UltraRobustCallback - INFO - Step 20000: distance=0.607, contacts=0, cube_vel=0.002
2025-08-10 12:42:03,758 - UltraRobustCallback - INFO - 📊 Évaluation à 25000 steps...
2025-08-10 12:42:03,827 - UltraRobustCallback - INFO - 💾 Nouveau meilleur modèle sauvegardé: -10.00
2025-08-10 12:42:03,827 - UltraRobustCallback - INFO -    Reward moyen: -10.00 ± 0.00
2025-08-10 12:42:03,827 - UltraRobustCallback - INFO -    Distance moyenne finale: 0.667
2025-08-10 12:42:03,827 - UltraRobustCallback - INFO -    Taux de succès contacts: 0.0%
2025-08-10 12:42:03,828 - UltraRobustCallback - INFO -    Longueur moyenne: 1.0
2025-08-10 12:44:35,401 - UltraRobustCallback - INFO - Step 30000: distance=0.607, contacts=0, cube_vel=0.002
2025-08-10 12:49:12,113 - UltraRobustCallback - INFO - Step 40000: distance=0.703, contacts=0, cube_vel=0.001
2025-08-10 12:53:47,030 - UltraRobustCallback - INFO - Step 50000: distance=0.706, contacts=0, cube_vel=0.002
2025-08-10 12:53:47,030 - UltraRobustCallback - INFO - 📊 Évaluation à 50000 steps...
2025-08-10 12:53:47,081 - UltraRobustCallback - INFO -    Reward moyen: -10.00 ± 0.00
2025-08-10 12:53:47,081 - UltraRobustCallback - INFO -    Distance moyenne finale: 0.666
2025-08-10 12:53:47,081 - UltraRobustCallback - INFO -    Taux de succès contacts: 0.0%
2025-08-10 12:53:47,081 - UltraRobustCallback - INFO -    Longueur moyenne: 1.0
2025-08-10 12:53:47,081 - UltraRobustCallback - INFO - 🎥 Création vidéo à 50000 steps...
2025-08-10 12:53:59,403 - UltraRobustCallback - INFO - ✅ Vidéo sauvegardée: demo_50000_20250810_125356.mp4
2025-08-10 12:53:59,455 - UltraRobustCallback - INFO - 💾 Modèle sauvegardé: model_50000_20250810_125359.zip
2025-08-10 12:58:36,559 - UltraRobustCallback - INFO - Step 60000: distance=0.607, contacts=0, cube_vel=0.002
2025-08-10 13:03:17,910 - UltraRobustCallback - INFO - Step 70000: distance=0.703, contacts=0, cube_vel=0.001
2025-08-10 13:05:20,484 - UltraRobustCallback - INFO - 📊 Évaluation à 75000 steps...
2025-08-10 13:05:20,534 - UltraRobustCallback - INFO -    Reward moyen: -10.00 ± 0.00
2025-08-10 13:05:20,534 - UltraRobustCallback - INFO -    Distance moyenne finale: 0.686
2025-08-10 13:05:20,534 - UltraRobustCallback - INFO -    Taux de succès contacts: 0.0%
2025-08-10 13:05:20,534 - UltraRobustCallback - INFO -    Longueur moyenne: 1.0
2025-08-10 13:07:26,634 - UltraRobustCallback - INFO - Step 80000: distance=0.706, contacts=0, cube_vel=0.002
2025-08-10 13:12:09,592 - UltraRobustCallback - INFO - Step 90000: distance=0.703, contacts=0, cube_vel=0.001
2025-08-10 13:16:52,686 - UltraRobustCallback - INFO - Step 100000: distance=0.706, contacts=0, cube_vel=0.002
2025-08-10 13:16:52,686 - UltraRobustCallback - INFO - 📊 Évaluation à 100000 steps...
2025-08-10 13:16:52,736 - UltraRobustCallback - INFO -    Reward moyen: -10.00 ± 0.00
2025-08-10 13:16:52,736 - UltraRobustCallback - INFO -    Distance moyenne finale: 0.667
2025-08-10 13:16:52,736 - UltraRobustCallback - INFO -    Taux de succès contacts: 0.0%
2025-08-10 13:16:52,737 - UltraRobustCallback - INFO -    Longueur moyenne: 1.0
2025-08-10 13:16:52,737 - UltraRobustCallback - INFO - 🎥 Création vidéo à 100000 steps...
2025-08-10 13:17:03,646 - UltraRobustCallback - INFO - ✅ Vidéo sauvegardée: demo_100000_20250810_131701.mp4
2025-08-10 13:17:03,733 - UltraRobustCallback - INFO - 💾 Modèle sauvegardé: model_100000_20250810_131703.zip
2025-08-10 13:21:01,517 - UltraRobustCallback - INFO - Step 110000: distance=0.706, contacts=0, cube_vel=0.002
2025-08-10 13:25:03,924 - UltraRobustCallback - INFO - Step 120000: distance=0.706, contacts=0, cube_vel=0.002
2025-08-10 13:27:07,819 - UltraRobustCallback - INFO - 📊 Évaluation à 125000 steps...
2025-08-10 13:27:07,861 - UltraRobustCallback - INFO -    Reward moyen: -10.00 ± 0.00
2025-08-10 13:27:07,861 - UltraRobustCallback - INFO -    Distance moyenne finale: 0.706
2025-08-10 13:27:07,862 - UltraRobustCallback - INFO -    Taux de succès contacts: 0.0%
2025-08-10 13:27:07,862 - UltraRobustCallback - INFO -    Longueur moyenne: 1.0
2025-08-10 13:29:12,154 - UltraRobustCallback - INFO - Step 130000: distance=0.706, contacts=0, cube_vel=0.002
2025-08-10 13:33:24,364 - UltraRobustCallback - INFO - Step 140000: distance=0.706, contacts=0, cube_vel=0.002
2025-08-10 13:37:33,478 - UltraRobustCallback - INFO - Step 150000: distance=0.706, contacts=0, cube_vel=0.002
2025-08-10 13:37:33,479 - UltraRobustCallback - INFO - 📊 Évaluation à 150000 steps...
2025-08-10 13:37:33,525 - UltraRobustCallback - INFO -    Reward moyen: -10.00 ± 0.00
2025-08-10 13:37:33,525 - UltraRobustCallback - INFO -    Distance moyenne finale: 0.666
2025-08-10 13:37:33,525 - UltraRobustCallback - INFO -    Taux de succès contacts: 0.0%
2025-08-10 13:37:33,525 - UltraRobustCallback - INFO -    Longueur moyenne: 1.0
2025-08-10 13:37:33,525 - UltraRobustCallback - INFO - 🎥 Création vidéo à 150000 steps...
2025-08-10 13:37:43,936 - UltraRobustCallback - INFO - ✅ Vidéo sauvegardée: demo_150000_20250810_133742.mp4
2025-08-10 13:37:43,991 - UltraRobustCallback - INFO - 💾 Modèle sauvegardé: model_150000_20250810_133743.zip
2025-08-10 13:41:52,028 - UltraRobustCallback - INFO - Step 160000: distance=0.706, contacts=0, cube_vel=0.002
2025-08-10 17:03:18,396 - UltraRobustCallback - INFO - Step 170000: distance=0.703, contacts=0, cube_vel=0.001
2025-08-10 17:05:25,449 - UltraRobustCallback - INFO - 📊 Évaluation à 175000 steps...
2025-08-10 17:05:25,492 - UltraRobustCallback - INFO -    Reward moyen: -10.00 ± 0.00
2025-08-10 17:05:25,493 - UltraRobustCallback - INFO -    Distance moyenne finale: 0.686
2025-08-10 17:05:25,493 - UltraRobustCallback - INFO -    Taux de succès contacts: 0.0%
2025-08-10 17:05:25,493 - UltraRobustCallback - INFO -    Longueur moyenne: 1.0
2025-08-10 17:07:35,892 - UltraRobustCallback - INFO - Step 180000: distance=0.607, contacts=0, cube_vel=0.002
2025-08-10 17:12:03,251 - UltraRobustCallback - INFO - Step 190000: distance=0.706, contacts=0, cube_vel=0.002
2025-08-10 17:16:31,479 - UltraRobustCallback - INFO - Step 200000: distance=0.706, contacts=0, cube_vel=0.002
2025-08-10 17:16:31,480 - UltraRobustCallback - INFO - 📊 Évaluation à 200000 steps...
2025-08-10 17:16:31,520 - UltraRobustCallback - INFO -    Reward moyen: -10.00 ± 0.00
2025-08-10 17:16:31,520 - UltraRobustCallback - INFO -    Distance moyenne finale: 0.647
2025-08-10 17:16:31,520 - UltraRobustCallback - INFO -    Taux de succès contacts: 0.0%
2025-08-10 17:16:31,520 - UltraRobustCallback - INFO -    Longueur moyenne: 1.0
2025-08-10 17:16:31,521 - UltraRobustCallback - INFO - 🎥 Création vidéo à 200000 steps...
2025-08-10 17:16:41,793 - UltraRobustCallback - INFO - ✅ Vidéo sauvegardée: demo_200000_20250810_171640.mp4
2025-08-10 17:16:41,843 - UltraRobustCallback - INFO - 💾 Modèle sauvegardé: model_200000_20250810_171641.zip
2025-08-10 17:20:53,647 - UltraRobustCallback - INFO - Step 210000: distance=0.706, contacts=0, cube_vel=0.002
2025-08-10 17:25:03,421 - UltraRobustCallback - INFO - Step 220000: distance=0.706, contacts=0, cube_vel=0.002
2025-08-10 17:27:08,635 - UltraRobustCallback - INFO - 📊 Évaluation à 225000 steps...
2025-08-10 17:27:08,679 - UltraRobustCallback - INFO -    Reward moyen: -10.00 ± 0.00
2025-08-10 17:27:08,679 - UltraRobustCallback - INFO -    Distance moyenne finale: 0.667
2025-08-10 17:27:08,679 - UltraRobustCallback - INFO -    Taux de succès contacts: 0.0%
2025-08-10 17:27:08,680 - UltraRobustCallback - INFO -    Longueur moyenne: 1.0
