2025-08-10 12:38:08,570 - UltraRobustTrainer - INFO - 🎯 UltraRobustTrainer initialisé
2025-08-10 12:38:08,570 - UltraRobustTrainer - INFO - 🚀 DÉBUT DE L'ENTRAÎNEMENT ULTRA-ROBUSTE
2025-08-10 12:38:08,570 - UltraRobustTrainer - INFO - ================================================================================
2025-08-10 12:38:08,570 - UltraRobustTrainer - INFO - 🏗️ Création de l'environnement d'entraînement...
2025-08-10 12:38:08,597 - UltraRobustTrainer - INFO - ✅ Environnement créé avec succès
2025-08-10 12:38:08,597 - UltraRobustTrainer - INFO -    Action space: Box(-1.0, 1.0, (12,), float32)
2025-08-10 12:38:08,597 - UltraRobustTrainer - INFO -    Observation space: Box(-inf, inf, (46,), float32)
2025-08-10 12:38:08,597 - UltraRobustTrainer - INFO - 🧠 Création du modèle TD3...
2025-08-10 12:38:09,411 - UltraRobustTrainer - INFO - ✅ Modèle TD3 créé avec succès
2025-08-10 12:38:09,411 - UltraRobustTrainer - INFO -    Device: cpu
2025-08-10 12:38:09,411 - UltraRobustTrainer - INFO -    Architecture: [400, 300]
2025-08-10 12:38:09,411 - UltraRobustTrainer - INFO -    Buffer size: 1,000,000
2025-08-10 12:38:09,412 - UltraRobustTrainer - INFO -    Learning rate: 0.0003
2025-08-10 12:38:09,412 - UltraRobustTrainer - INFO - 🔄 Configuration des callbacks...
2025-08-10 12:38:09,412 - UltraRobustTrainer - INFO - ✅ Callbacks configurés
2025-08-10 12:38:09,412 - UltraRobustTrainer - INFO - ⚙️ CONFIGURATION D'ENTRAÎNEMENT
2025-08-10 12:38:09,412 - UltraRobustTrainer - INFO - --------------------------------------------------
2025-08-10 12:38:09,412 - UltraRobustTrainer - INFO -   Algorithme          : TD3 (Twin Delayed DDPG)
2025-08-10 12:38:09,412 - UltraRobustTrainer - INFO -   Total timesteps     : 500,000
2025-08-10 12:38:09,412 - UltraRobustTrainer - INFO -   Learning rate       : 0.0003
2025-08-10 12:38:09,412 - UltraRobustTrainer - INFO -   Batch size          : 256
2025-08-10 12:38:09,412 - UltraRobustTrainer - INFO -   Buffer size         : 1,000,000
2025-08-10 12:38:09,412 - UltraRobustTrainer - INFO -   Learning starts     : 25,000
2025-08-10 12:38:09,412 - UltraRobustTrainer - INFO -   Tau (soft update)   : 0.02
2025-08-10 12:38:09,412 - UltraRobustTrainer - INFO -   Gamma (discount)    : 0.98
2025-08-10 12:38:09,412 - UltraRobustTrainer - INFO -   Action noise sigma  : 0.1
2025-08-10 12:38:09,412 - UltraRobustTrainer - INFO -   Architecture        : [400, 300]
2025-08-10 12:38:09,412 - UltraRobustTrainer - INFO -   Device              : cpu
2025-08-10 12:38:09,412 - UltraRobustTrainer - INFO -   Max episode steps   : 500
2025-08-10 12:38:09,412 - UltraRobustTrainer - INFO -   Assistance activée  : True
2025-08-10 12:38:09,412 - UltraRobustTrainer - INFO -   Évaluation freq.    : 25,000
2025-08-10 12:38:09,413 - UltraRobustTrainer - INFO -   Vidéo freq.         : 50,000
2025-08-10 12:38:09,413 - UltraRobustTrainer - INFO -   Sauvegarde freq.    : 50,000
2025-08-10 12:38:09,413 - UltraRobustTrainer - INFO - --------------------------------------------------
2025-08-10 12:38:09,413 - UltraRobustTrainer - INFO - 🎯 Lancement de l'apprentissage TD3...
